
> admin@0.0.0 start
> ng serve

[33m>[39m Building...
[32m√[39m Building...
[1mInitial chunk files[22m[2m | [22m[1mNames[22m              [2m | [22m [1mRaw size[22m
[32mstyles.css[39m         [2m | [22m[2mstyles[22m             [2m | [22m[36m273.63 kB[39m[2m | [22m
[32mmain.js[39m            [2m | [22m[2mmain[22m               [2m | [22m  [36m7.93 kB[39m[2m | [22m
[32mchunk-RUZELKZF.js[39m  [2m | [22m[2m-[22m                  [2m | [22m  [36m2.66 kB[39m[2m | [22m
[32mchunk-PZ5AY32C.js[39m  [2m | [22m[2m-[22m                  [2m | [22m[36m234 bytes[39m[2m | [22m
[32mchunk-HXJGBCK5.js[39m  [2m | [22m[2m-[22m                  [2m | [22m[36m187 bytes[39m[2m | [22m
[32mpolyfills.js[39m       [2m | [22m[2mpolyfills[22m          [2m | [22m [36m95 bytes[39m[2m | [22m

[1m [22m                  [2m | [22m[1mInitial total[22m      [2m | [22m[1m284.74 kB[22m

[1mLazy chunk files[22m   [2m | [22m[1mNames[22m              [2m | [22m [1mRaw size[22m
[32mchunk-2MXAKS7W.js[39m  [2m | [22m[2mlayout-module[22m      [2m | [22m [36m18.96 kB[39m[2m | [22m
[32mchunk-7T7SSSL6.js[39m  [2m | [22m[2mdashboard-module[22m   [2m | [22m [36m17.88 kB[39m[2m | [22m
[32mchunk-UCZ4HWZQ.js[39m  [2m | [22m[2mauth-module[22m        [2m | [22m [36m16.49 kB[39m[2m | [22m
[32mchunk-M3NAAF5N.js[39m  [2m | [22m[2mcertificados-module[22m[2m | [22m  [36m1.14 kB[39m[2m | [22m
[32mchunk-V2Q7BMYJ.js[39m  [2m | [22m[2msoldadores-module[22m  [2m | [22m  [36m1.12 kB[39m[2m | [22m
[32mchunk-DXOOQB2Z.js[39m  [2m | [22m[2mempresas-module[22m    [2m | [22m  [36m1.10 kB[39m[2m | [22m

Application bundle generation complete. [2.139 seconds] - 2026-06-19T00:57:40.626Z

Watch mode enabled. Watching for file changes...
NOTE: Raw file sizes do not reflect development server per-request transformations.
[2m09:57:40[22m [36m[1m[vite][22m[39m [90m[2m(client)[22m[39m Re-optimizing dependencies because vite config has changed
[1m[33mFailed to resolve dependency: [36mzone.js[33m, present in client 'optimizeDeps.include'[39m[22m
  [32m➜[39m  [1mLocal[22m:   [36mhttp://localhost:[1m4200[22m/[39m
[1m[31m[2m09:57:42[22m[1m [31m[1m[vite][22m[1m[31m [31m[2m(client)[22m[1m[31m Pre-transform error: Failed to resolve import "zone.js" from ".angular/vite-root/admin/polyfills.js". Does the file exist?
  Plugin: [35mvite:import-analysis[31m
  File: [36mC:/laragon/www/kocert/admin/.angular/vite-root/admin/polyfills.js[31m:1:7
[33m  1  |  // angular:polyfills:angular:polyfills
  2  |  import "zone.js";
     |          ^
  3  |  
  4  |  [31m[39m[22m
[1m[31m[2m09:57:42[22m[1m [31m[1m[vite][22m[1m[31m [31mInternal server error: Failed to resolve import "zone.js" from ".angular/vite-root/admin/polyfills.js". Does the file exist?[31m
  Plugin: [35mvite:import-analysis[31m
  File: [36mC:/laragon/www/kocert/admin/.angular/vite-root/admin/polyfills.js[31m:1:7
[33m  1  |  // angular:polyfills:angular:polyfills
  2  |  import "zone.js";
     |          ^
  3  |  
  4  |  [31m
      at TransformPluginContext._formatLog (file:///C:/laragon/www/kocert/admin/node_modules/vite/dist/node/chunks/config.js:29003:43)
      at TransformPluginContext.error (file:///C:/laragon/www/kocert/admin/node_modules/vite/dist/node/chunks/config.js:29000:14)
      at normalizeUrl (file:///C:/laragon/www/kocert/admin/node_modules/vite/dist/node/chunks/config.js:27123:18)
      at process.processTicksAndRejections (node:internal/process/task_queues:95:5)
      at async file:///C:/laragon/www/kocert/admin/node_modules/vite/dist/node/chunks/config.js:27181:32
      at async Promise.all (index 0)
      at async TransformPluginContext.transform (file:///C:/laragon/www/kocert/admin/node_modules/vite/dist/node/chunks/config.js:27149:4)
      at async EnvironmentPluginContainer.transform (file:///C:/laragon/www/kocert/admin/node_modules/vite/dist/node/chunks/config.js:28801:14)
      at async loadAndTransform (file:///C:/laragon/www/kocert/admin/node_modules/vite/dist/node/chunks/config.js:22670:26)
      at async viteTransformMiddleware (file:///C:/laragon/www/kocert/admin/node_modules/vite/dist/node/chunks/config.js:24546:20)[39m[22m
